Microchip MPLAB XC8 Compiler V2.31

Linker command line:

-W-3 --edf=C:\Program Files\Microchip\xc8\v2.31\pic\dat\en_msgs.txt \
  -pivt0x8=08h -cn -h+dist/default/debug\adcTesting.X.debug.sym \
  --cmf=dist/default/debug\adcTesting.X.debug.cmf -z -Q18F26K83 \
  -oC:\Users\Chris\AppData\Local\Temp\sr4o.2 --defsym=__MPLAB_BUILD=1 \
  -Mdist/default/debug/adcTesting.X.debug.map -E1 -ver=XC8 Compiler \
  --acfsm=1493 -ASTACK=060h-0FFFh -pstack=STACK -ACODE=00h-0FFFFh \
  -ACONST=00h-0FFFFh -ASMALLCONST=01000h-010FFhx240 \
  -AMEDIUMCONST=01000h-0FFFFh -ACOMRAM=01h-05Fh -AABS1=00h-0FFFh \
  -ABIGRAM=01h-0FFFh -ARAM=060h-0FFh,0100h-01FFhx15 -ABANK0=060h-0FFh \
  -ABANK1=0100h-01FFh -ABANK2=0200h-02FFh -ABANK3=0300h-03FFh \
  -ABANK4=0400h-04FFh -ABANK5=0500h-05FFh -ABANK6=0600h-06FFh \
  -ABANK7=0700h-07FFh -ABANK8=0800h-08FFh -ABANK9=0900h-09FFh \
  -ABANK10=0A00h-0AFFh -ABANK11=0B00h-0BFFh -ABANK12=0C00h-0CFFh \
  -ABANK13=0D00h-0DFFh -ABANK14=0E00h-0EFFh -ABANK15=0F00h-0FFFh \
  -ASFR=03700h-037FFhx8,03F00h-03F5Fh,03F60h-03FFFh \
  -ACONFIG=0300000h-0300009h -AIDLOC=0200000h-020000Fh \
  -AEEDATA=0310000h-03103FFh -peeprom_data=EEDATA -preset_vec=00h \
  -ppowerup=CODE,init -pramtop=01000h -psmallconst=SMALLCONST \
  -pmediumconst=MEDIUMCONST -pconst=CONST -AFARRAM=00h-00h \
  -prdata=COMRAM,nvrram=COMRAM,nvbit=COMRAM,rbss=COMRAM,rbit=COMRAM \
  -pfarbss=FARRAM,fardata=FARRAM,nvFARRAM=FARRAM \
  -pintsave_regs=BIGRAM,bigbss=BIGRAM,bigdata=BIGRAM -pbss=RAM \
  -pidata=CODE,irdata=CODE,ibigdata=CODE,ifardata=CODE -prparam=COMRAM \
  C:\Users\Chris\AppData\Local\Temp\sr4o.o \
  dist/default/debug\adcTesting.X.debug.o 

Object code version is 3.11

Machine type is 18F26K83



                Name                               Link     Load   Length Selector   Space Scale
C:\Users\Chris\AppData\Local\Temp\sr4o.o
                idloc                            200000   200000       10        0       5
                config                           300000   300000        A        0       4
                init                                 1A       1A        4        4       0
                reset_vec                             0        0        4        0       0
dist/default/debug\adcTesting.X.debug.o
                idloc                            200000   200000       10        0       5
                config                           300000   300000        A        0       4
                ivt0x8                                8        8       12        4       0
                text20                              300      300        2        4       0
                text19                              216      216       2E        4       0
                text18                              2EE      2EE        A        4       0
                text17                              2FE      2FE        2        4       0
                text16                              1E8      1E8       2E        4       0
                text15                              2E4      2E4        A        4       0
                text14                              2FC      2FC        2        4       0
                text13                              1BA      1BA       2E        4       0
                text12                              2DA      2DA        A        4       0
                text11                               1E       1E       70        4       0
                text10                               8E       8E       5C        4       0
                text9                               2D0      2D0        A        4       0
                text8                               2C6      2C6        A        4       0
                text7                               2BC      2BC        A        4       0
                text6                               140      140       40        4       0
                text5                               2F8      2F8        4        4       0
                text4                               2A4      2A4       18        4       0
                text3                                EA       EA       56        4       0
                text2                               244      244       24        4       0
                text1                               28A      28A       1A        4       0
                text0                               180      180       3A        4       0
                cstackCOMRAM                         27       27        2        1       1
                bssCOMRAM                             1        1       20        1       1
                cinit                               268      268       22        4       0
                nvCOMRAM                             21       21        6        1       1

TOTAL           Name                               Link     Load   Length     Space
        CLASS   STACK          

        CLASS   CODE           
                init                                 1A       1A        4         0
                reset_vec                             0        0        4         0
                ivt0x8                                8        8       12         0
                text20                              300      300        2         0
                text19                              216      216       2E         0
                text18                              2EE      2EE        A         0
                text17                              2FE      2FE        2         0
                text16                              1E8      1E8       2E         0
                text15                              2E4      2E4        A         0
                text14                              2FC      2FC        2         0
                text13                              1BA      1BA       2E         0
                text12                              2DA      2DA        A         0
                text11                               1E       1E       70         0
                text10                               8E       8E       5C         0
                text9                               2D0      2D0        A         0
                text8                               2C6      2C6        A         0
                text7                               2BC      2BC        A         0
                text6                               140      140       40         0
                text5                               2F8      2F8        4         0
                text4                               2A4      2A4       18         0
                text3                                EA       EA       56         0
                text2                               244      244       24         0
                text1                               28A      28A       1A         0
                text0                               180      180       3A         0
                cinit                               268      268       22         0

        CLASS   CONST          

        CLASS   SMALLCONST     

        CLASS   MEDIUMCONST    

        CLASS   COMRAM         
                cstackCOMRAM                         27       27        2         1
                bssCOMRAM                             1        1       20         1
                nvCOMRAM                             21       21        6         1

        CLASS   ABS1           

        CLASS   BIGRAM         

        CLASS   RAM            

        CLASS   BANK0          

        CLASS   BANK1          

        CLASS   BANK2          

        CLASS   BANK3          

        CLASS   BANK4          

        CLASS   BANK5          

        CLASS   BANK6          

        CLASS   BANK7          

        CLASS   BANK8          

        CLASS   BANK9          

        CLASS   BANK10         

        CLASS   BANK11         

        CLASS   BANK12         

        CLASS   BANK13         

        CLASS   BANK14         

        CLASS   BANK15         

        CLASS   SFR            

        CLASS   CONFIG         
                config                           300000   300000        A         4

        CLASS   IDLOC          
                idloc                            200000   200000       10         5

        CLASS   EEDATA         

        CLASS   FARRAM         



SEGMENTS        Name                           Load    Length   Top    Selector   Space  Class

                reset_vec                      000000  000004  000004         0       0  CODE    
                bssCOMRAM                      000001  000028  000029         1       1  COMRAM  
                ivt0x8                         000008  0002FA  000302         4       0  CODE    


UNUSED ADDRESS RANGES

        Name                Unused          Largest block    Delta
        BANK0            000060-0000FF               A0
        BANK1            000100-0001FF              100
        BANK10           000A00-000AFF              100
        BANK11           000B00-000BFF              100
        BANK12           000C00-000CFF              100
        BANK13           000D00-000DFF              100
        BANK14           000E00-000EFF              100
        BANK15           000F00-000FFF              100
        BANK2            000200-0002FF              100
        BANK3            000300-0003FF              100
        BANK4            000400-0004FF              100
        BANK5            000500-0005FF              100
        BANK6            000600-0006FF              100
        BANK7            000700-0007FF              100
        BANK8            000800-0008FF              100
        BANK9            000900-0009FF              100
        BIGRAM           000029-000FFF              FD7
        CODE             000004-000007                4
                         000302-00FFFF             FCFE
        COMRAM           000029-00005F               37
        CONST            000004-000007                4
                         000302-00FFFF             FCFE
        EEDATA           310000-3103FF              400
        MEDIUMCONST      001000-00FFFF             F000
        RAM              000060-000FFF              100
        SFR              003700-003FFF              100
        SMALLCONST       001000-00FFFF              100
        STACK            000060-000FFF              FA0

                                  Symbol Table

INT0_SetInterruptHandler@InterruptHandler cstackCOMRAM 000027
INT1_SetInterruptHandler@InterruptHandler cstackCOMRAM 000027
INT2_SetInterruptHandler@InterruptHandler cstackCOMRAM 000027
IVTBASEH                                  (abs)        003FD6
IVTBASEL                                  (abs)        003FD5
IVTBASEU                                  (abs)        003FD7
_ADACCH                                   (abs)        003EE9
_ADACCL                                   (abs)        003EE8
_ADACCU                                   (abs)        003EEA
_ADACQH                                   (abs)        003EF4
_ADACQL                                   (abs)        003EF3
_ADACT                                    (abs)        003EFE
_ADCAP                                    (abs)        003EF5
_ADCC_Initialize                          text10       00008E
_ADCLK                                    (abs)        003EFF
_ADCNT                                    (abs)        003EEB
_ADCON0                                   (abs)        003EF8
_ADCON0bits                               (abs)        003EF8
_ADCON1                                   (abs)        003EF9
_ADCON1bits                               (abs)        003EF9
_ADCON2                                   (abs)        003EFA
_ADCON2bits                               (abs)        003EFA
_ADCON3                                   (abs)        003EFB
_ADCON3bits                               (abs)        003EFB
_ADERRH                                   (abs)        003EE3
_ADERRL                                   (abs)        003EE2
_ADFLTRH                                  (abs)        003EE7
_ADFLTRL                                  (abs)        003EE6
_ADLTHH                                   (abs)        003EDF
_ADLTHL                                   (abs)        003EDE
_ADPCH                                    (abs)        003EF1
_ADPREH                                   (abs)        003EF7
_ADPREL                                   (abs)        003EF6
_ADPREVH                                  (abs)        003EEE
_ADPREVL                                  (abs)        003EED
_ADREF                                    (abs)        003EFD
_ADREFbits                                (abs)        003EFD
_ADRESH                                   (abs)        003EF0
_ADRESL                                   (abs)        003EEF
_ADRPT                                    (abs)        003EEC
_ADSTAT                                   (abs)        003EFC
_ADSTATbits                               (abs)        003EFC
_ADSTPTH                                  (abs)        003EE5
_ADSTPTL                                  (abs)        003EE4
_ADUTHH                                   (abs)        003EE1
_ADUTHL                                   (abs)        003EE0
_ANSELA                                   (abs)        003A40
_ANSELB                                   (abs)        003A50
_ANSELC                                   (abs)        003A60
_ANSELCbits                               (abs)        003A60
_BRGCON1bits                              (abs)        003703
_BRGCON2bits                              (abs)        003704
_BRGCON3bits                              (abs)        003705
_CANCONbits                               (abs)        003F8F
_CANSTATbits                              (abs)        003F8E
_CIOCONbits                               (abs)        003700
_COMSTATbits                              (abs)        003F90
_ECANCONbits                              (abs)        003F91
_EXT_INT_Initialize                       text6        000140
_INLVLA                                   (abs)        003A44
_INLVLB                                   (abs)        003A54
_INLVLC                                   (abs)        003A64
_INLVLE                                   (abs)        003A84
_INT0PPS                                  (abs)        003AC0
_INT0_CallBack                            text19       000216
_INT0_DefaultInterruptHandler             text20       000300
_INT0_ISR                                 text18       0002EE
_INT0_InterruptHandler                    nvCOMRAM     000025
_INT0_SetInterruptHandler                 text9        0002D0
_INT1PPS                                  (abs)        003AC1
_INT1_CallBack                            text16       0001E8
_INT1_DefaultInterruptHandler             text17       0002FE
_INT1_ISR                                 text15       0002E4
_INT1_InterruptHandler                    nvCOMRAM     000023
_INT1_SetInterruptHandler                 text8        0002C6
_INT2PPS                                  (abs)        003AC2
_INT2_CallBack                            text13       0001BA
_INT2_DefaultInterruptHandler             text14       0002FC
_INT2_ISR                                 text12       0002DA
_INT2_InterruptHandler                    nvCOMRAM     000021
_INT2_SetInterruptHandler                 text7        0002BC
_INTCON0bits                              (abs)        003FD2
_INTERRUPT_Initialize                     text5        0002F8
_INTERRUPT_InterruptManager               text11       00001E
_IOCCFbits                                (abs)        003A67
_IOCCPbits                                (abs)        003A65
_LATA                                     (abs)        003FBA
_LATB                                     (abs)        003FBB
_LATB2                                    (abs)        01FDDA
_LATB4                                    (abs)        01FDDC
_LATBbits                                 (abs)        003FBB
_LATC                                     (abs)        003FBC
_ODCONA                                   (abs)        003A42
_ODCONB                                   (abs)        003A52
_ODCONC                                   (abs)        003A62
_OSCCON1                                  (abs)        0039D9
_OSCCON3                                  (abs)        0039DB
_OSCEN                                    (abs)        0039DD
_OSCFRQ                                   (abs)        0039DF
_OSCILLATOR_Initialize                    text4        0002A4
_OSCTUNE                                  (abs)        0039DE
_PIE0bits                                 (abs)        003990
_PIE1bits                                 (abs)        003991
_PIE3bits                                 (abs)        003993
_PIE4bits                                 (abs)        003994
_PIE5bits                                 (abs)        003995
_PIE8bits                                 (abs)        003998
_PIN_MANAGER_Initialize                   text3        0000EA
_PIR1bits                                 (abs)        0039A1
_PIR4bits                                 (abs)        0039A4
_PIR5bits                                 (abs)        0039A5
_PIR8bits                                 (abs)        0039A8
_PMD0                                     (abs)        0039C0
_PMD1                                     (abs)        0039C1
_PMD2                                     (abs)        0039C2
_PMD3                                     (abs)        0039C3
_PMD4                                     (abs)        0039C4
_PMD5                                     (abs)        0039C5
_PMD6                                     (abs)        0039C6
_PMD7                                     (abs)        0039C7
_PMD_Initialize                           text2        000244
_RXB0CONbits                              (abs)        003F80
_RXB0D0                                   (abs)        003F86
_RXB0DLCbits                              (abs)        003F85
_RXB0SIDH                                 (abs)        003F81
_RXB0SIDL                                 (abs)        003F82
_RXB1CONbits                              (abs)        0037F0
_RXB1D0                                   (abs)        0037F6
_RXB1DLCbits                              (abs)        0037F5
_RXB1SIDH                                 (abs)        0037F1
_RXB1SIDL                                 (abs)        0037F2
_RXM0SIDH                                 (abs)        0037B8
_RXM0SIDL                                 (abs)        0037B9
_RXM1SIDH                                 (abs)        0037BC
_RXM1SIDL                                 (abs)        0037BD
_SLRCONA                                  (abs)        003A43
_SLRCONB                                  (abs)        003A53
_SLRCONC                                  (abs)        003A63
_SYSTEM_Initialize                        text1        00028A
_T0CON0bits                               (abs)        003FB8
_T0CON1bits                               (abs)        003FB9
_TRISA                                    (abs)        003FC2
_TRISB                                    (abs)        003FC3
_TRISBbits                                (abs)        003FC3
_TRISC                                    (abs)        003FC4
_TRISCbits                                (abs)        003FC4
_TXB0CONbits                              (abs)        0037E0
_TXB0D0                                   (abs)        0037E6
_TXB0DLCbits                              (abs)        0037E5
_TXB0SIDH                                 (abs)        0037E1
_TXB0SIDL                                 (abs)        0037E2
_WPUA                                     (abs)        003A41
_WPUB                                     (abs)        003A51
_WPUC                                     (abs)        003A61
_WPUE                                     (abs)        003A81
__HRAM                                    (abs)        000000
__Habs1                                   abs1         000000
__Hbank0                                  bank0        000000
__Hbank1                                  bank1        000000
__Hbank10                                 bank10       000000
__Hbank11                                 bank11       000000
__Hbank12                                 bank12       000000
__Hbank13                                 bank13       000000
__Hbank14                                 bank14       000000
__Hbank15                                 bank15       000000
__Hbank2                                  bank2        000000
__Hbank3                                  bank3        000000
__Hbank4                                  bank4        000000
__Hbank5                                  bank5        000000
__Hbank6                                  bank6        000000
__Hbank7                                  bank7        000000
__Hbank8                                  bank8        000000
__Hbank9                                  bank9        000000
__Hbigbss                                 bigbss       000000
__Hbigdata                                bigdata      000000
__Hbigram                                 bigram       000000
__Hbss                                    bss          000000
__HbssCOMRAM                              bssCOMRAM    000000
__Hcinit                                  cinit        000000
__Hclrtext                                clrtext      000000
__Hcomram                                 comram       000000
__Hconfig                                 config       30000A
__Hconst                                  const        000000
__HcstackCOMRAM                           cstackCOMRAM 000000
__Hdata                                   data         000000
__Heeprom_data                            eeprom_data  000000
__Hfarbss                                 farbss       000000
__Hfardata                                fardata      000000
__Hibigdata                               ibigdata     000000
__Hidata                                  idata        000000
__Hidloc                                  idloc        200010
__Hifardata                               ifardata     000000
__Hinit                                   init         00001E
__Hintsave_regs                           intsave_regs 000000
__Hirdata                                 irdata       000000
__Hivt0x8                                 ivt0x8       00001A
__Hmediumconst                            mediumconst  000000
__HnvCOMRAM                               nvCOMRAM     000000
__HnvFARRAM                               nvFARRAM     000000
__Hnvbit                                  nvbit        000000
__Hnvrram                                 nvrram       000000
__Hparam                                  rparam       000000
__Hpowerup                                powerup      000000
__Hram                                    ram          000000
__Hramtop                                 ramtop       001000
__Hrbit                                   rbit         000000
__Hrbss                                   rbss         000000
__Hrdata                                  rdata        000000
__Hreset_vec                              reset_vec    000004
__Hrparam                                 rparam       000000
__Hsfr                                    sfr          000000
__Hsmallconst                             smallconst   000000
__Hspace_0                                (abs)        001000
__Hspace_1                                (abs)        000029
__Hspace_2                                (abs)        000000
__Hspace_4                                (abs)        60000A
__Hstack                                  stack        000000
__Hstruct                                 struct       000000
__Htemp                                   temp         000000
__Htext                                   text         000000
__Htext0                                  text0        000000
__Htext1                                  text1        000000
__Htext10                                 text10       000000
__Htext11                                 text11       000000
__Htext12                                 text12       000000
__Htext13                                 text13       000000
__Htext14                                 text14       000000
__Htext15                                 text15       000000
__Htext16                                 text16       000000
__Htext17                                 text17       000000
__Htext18                                 text18       000000
__Htext19                                 text19       000000
__Htext2                                  text2        000000
__Htext20                                 text20       000000
__Htext21                                 text21       000000
__Htext3                                  text3        000000
__Htext4                                  text4        000000
__Htext5                                  text5        000000
__Htext6                                  text6        000000
__Htext7                                  text7        000000
__Htext8                                  text8        000000
__Htext9                                  text9        000000
__LRAM                                    (abs)        000001
__Labs1                                   abs1         000000
__Lbank0                                  bank0        000000
__Lbank1                                  bank1        000000
__Lbank10                                 bank10       000000
__Lbank11                                 bank11       000000
__Lbank12                                 bank12       000000
__Lbank13                                 bank13       000000
__Lbank14                                 bank14       000000
__Lbank15                                 bank15       000000
__Lbank2                                  bank2        000000
__Lbank3                                  bank3        000000
__Lbank4                                  bank4        000000
__Lbank5                                  bank5        000000
__Lbank6                                  bank6        000000
__Lbank7                                  bank7        000000
__Lbank8                                  bank8        000000
__Lbank9                                  bank9        000000
__Lbigbss                                 bigbss       000000
__Lbigdata                                bigdata      000000
__Lbigram                                 bigram       000000
__Lbss                                    bss          000000
__LbssCOMRAM                              bssCOMRAM    000000
__Lcinit                                  cinit        000000
__Lclrtext                                clrtext      000000
__Lcomram                                 comram       000000
__Lconfig                                 config       000000
__Lconst                                  const        000000
__LcstackCOMRAM                           cstackCOMRAM 000000
__Ldata                                   data         000000
__Leeprom_data                            eeprom_data  000000
__Lfarbss                                 farbss       000000
__Lfardata                                fardata      000000
__Libigdata                               ibigdata     000000
__Lidata                                  idata        000000
__Lidloc                                  idloc        000000
__Lifardata                               ifardata     000000
__Linit                                   init         00001A
__Lintsave_regs                           intsave_regs 000000
__Lirdata                                 irdata       000000
__Livt0x8                                 ivt0x8       000008
__Lmediumconst                            mediumconst  000000
__LnvCOMRAM                               nvCOMRAM     000000
__LnvFARRAM                               nvFARRAM     000000
__Lnvbit                                  nvbit        000000
__Lnvrram                                 nvrram       000000
__Lparam                                  rparam       000000
__Lpowerup                                powerup      000000
__Lram                                    ram          000000
__Lramtop                                 ramtop       001000
__Lrbit                                   rbit         000000
__Lrbss                                   rbss         000000
__Lrdata                                  rdata        000000
__Lreset_vec                              reset_vec    000000
__Lrparam                                 rparam       000000
__Lsfr                                    sfr          000000
__Lsmallconst                             smallconst   000000
__Lspace_0                                (abs)        000000
__Lspace_1                                (abs)        000000
__Lspace_2                                (abs)        000000
__Lspace_4                                (abs)        000000
__Lstack                                  stack        000000
__Lstruct                                 struct       000000
__Ltemp                                   temp         000000
__Ltext                                   text         000000
__Ltext0                                  text0        000000
__Ltext1                                  text1        000000
__Ltext10                                 text10       000000
__Ltext11                                 text11       000000
__Ltext12                                 text12       000000
__Ltext13                                 text13       000000
__Ltext14                                 text14       000000
__Ltext15                                 text15       000000
__Ltext16                                 text16       000000
__Ltext17                                 text17       000000
__Ltext18                                 text18       000000
__Ltext19                                 text19       000000
__Ltext2                                  text2        000000
__Ltext20                                 text20       000000
__Ltext21                                 text21       000000
__Ltext3                                  text3        000000
__Ltext4                                  text4        000000
__Ltext5                                  text5        000000
__Ltext6                                  text6        000000
__Ltext7                                  text7        000000
__Ltext8                                  text8        000000
__Ltext9                                  text9        000000
__S0                                      (abs)        000302
__S1                                      (abs)        000029
__S2                                      (abs)        000000
__S4                                      (abs)        000000
__S5                                      (abs)        000000
___inthi_sp                               stack        000000
___intlo_sp                               stack        000000
___param_bank                             (abs)        000000
___rparam_used                            (abs)        000001
___sp                                     stack        000000
__accesstop                               (abs)        000060
__activetblptr                            (abs)        000002
__end_of_ADCC_Initialize                  text10       0000EA
__end_of_EXT_INT_Initialize               text6        000180
__end_of_INT0_CallBack                    text19       000244
__end_of_INT0_DefaultInterruptHandler     text20       000302
__end_of_INT0_ISR                         text18       0002F8
__end_of_INT0_SetInterruptHandler         text9        0002DA
__end_of_INT1_CallBack                    text16       000216
__end_of_INT1_DefaultInterruptHandler     text17       000300
__end_of_INT1_ISR                         text15       0002EE
__end_of_INT1_SetInterruptHandler         text8        0002D0
__end_of_INT2_CallBack                    text13       0001E8
__end_of_INT2_DefaultInterruptHandler     text14       0002FE
__end_of_INT2_ISR                         text12       0002E4
__end_of_INT2_SetInterruptHandler         text7        0002C6
__end_of_INTERRUPT_Initialize             text5        0002FC
__end_of_INTERRUPT_InterruptManager       text11       00008E
__end_of_OSCILLATOR_Initialize            text4        0002BC
__end_of_PIN_MANAGER_Initialize           text3        000140
__end_of_PMD_Initialize                   text2        000268
__end_of_SYSTEM_Initialize                text1        0002A4
__end_of__initialization                  cinit        000280
__end_of_main                             text0        0001BA
__initialization                          cinit        000268
__mediumconst                             mediumconst  000000
__pbssCOMRAM                              bssCOMRAM    000001
__pcinit                                  cinit        000268
__pcstackCOMRAM                           cstackCOMRAM 000027
__pivt0x8                                 ivt0x8       000008
__pnvCOMRAM                               nvCOMRAM     000021
__ptext0                                  text0        000180
__ptext1                                  text1        00028A
__ptext10                                 text10       00008E
__ptext11                                 text11       00001E
__ptext12                                 text12       0002DA
__ptext13                                 text13       0001BA
__ptext14                                 text14       0002FC
__ptext15                                 text15       0002E4
__ptext16                                 text16       0001E8
__ptext17                                 text17       0002FE
__ptext18                                 text18       0002EE
__ptext19                                 text19       000216
__ptext2                                  text2        000244
__ptext20                                 text20       000300
__ptext21                                 text21       000000
__ptext3                                  text3        0000EA
__ptext4                                  text4        0002A4
__ptext5                                  text5        0002F8
__ptext6                                  text6        000140
__ptext7                                  text7        0002BC
__ptext8                                  text8        0002C6
__ptext9                                  text9        0002D0
__ramtop                                  ramtop       001000
__size_of_ADCC_Initialize                 (abs)        000000
__size_of_EXT_INT_Initialize              (abs)        000000
__size_of_INT0_CallBack                   (abs)        000000
__size_of_INT0_DefaultInterruptHandler    (abs)        000000
__size_of_INT0_ISR                        (abs)        000000
__size_of_INT0_SetInterruptHandler        (abs)        000000
__size_of_INT1_CallBack                   (abs)        000000
__size_of_INT1_DefaultInterruptHandler    (abs)        000000
__size_of_INT1_ISR                        (abs)        000000
__size_of_INT1_SetInterruptHandler        (abs)        000000
__size_of_INT2_CallBack                   (abs)        000000
__size_of_INT2_DefaultInterruptHandler    (abs)        000000
__size_of_INT2_ISR                        (abs)        000000
__size_of_INT2_SetInterruptHandler        (abs)        000000
__size_of_INTERRUPT_Initialize            (abs)        000000
__size_of_INTERRUPT_InterruptManager      (abs)        000000
__size_of_OSCILLATOR_Initialize           (abs)        000000
__size_of_PIN_MANAGER_Initialize          (abs)        000000
__size_of_PMD_Initialize                  (abs)        000000
__size_of_SYSTEM_Initialize               (abs)        000000
__size_of_main                            (abs)        000000
__smallconst                              smallconst   000000
_buf                                      bssCOMRAM    000017
_buf@can_tx_buffer$F522                   bssCOMRAM    00000D
_can_rcv_cb                               bssCOMRAM    000009
_ctx                                      bssCOMRAM    000005
_main                                     text0        000180
_millis_counter                           bssCOMRAM    000001
_overflow_flag                            bssCOMRAM    00000C
end_of_initialization                     cinit        000280
intlevel0                                 text         000000
intlevel1                                 text         000000
intlevel2                                 text         000000
intlevel3                                 text         000000
ivt0x8_base                               ivt0x8       000008
stackhi                                   (abs)        000FFF
stacklo                                   (abs)        000060
start                                     init         00001A
start_initialization                      cinit        000268
timer0_handle_interrupt@internal_count    bssCOMRAM    00000B


FUNCTION INFORMATION:

 *************** function _main *****************
 Defined at:
		line 49 in file "main.c"
 Parameters:    Size  Location     Type
		None
 Auto vars:     Size  Location     Type
  resultLow       1    0        unsigned char 
  resultHigh      1    0        unsigned char 
 Return value:  Size  Location     Type
                  1    wreg      void 
 Registers used:
		wreg, status,2, status,0, cstack
 Tracked objects:
		On entry : 
		On exit  : 
		Unchanged: 
 Data sizes:     COMRAM   BANK0   BANK1   BANK2   BANK3   BANK4   BANK5   BANK6   BANK7   BANK8   BANK9  BANK10  BANK11  BANK12  BANK13  BANK14  BANK15
      Params:         0       0       0       0       0       0       0       0       0       0       0       0       0       0       0       0       0
      Locals:         2       0       0       0       0       0       0       0       0       0       0       0       0       0       0       0       0
      Temps:          0       0       0       0       0       0       0       0       0       0       0       0       0       0       0       0       0
      Totals:         2       0       0       0       0       0       0       0       0       0       0       0       0       0       0       0       0
Total ram usage:        2 bytes
 Hardware stack levels required when called:    7
 This function calls:
		_SYSTEM_Initialize
 This function is called by:
		Startup code after reset
 This function uses a non-reentrant model


 *************** function _SYSTEM_Initialize *****************
 Defined at:
		line 50 in file "mcc_generated_files/mcc.c"
 Parameters:    Size  Location     Type
		None
 Auto vars:     Size  Location     Type
		None
 Return value:  Size  Location     Type
                  1    wreg      void 
 Registers used:
		wreg, status,2, status,0, cstack
 Tracked objects:
		On entry : 
		On exit  : 
		Unchanged: 
 Data sizes:     COMRAM   BANK0   BANK1   BANK2   BANK3   BANK4   BANK5   BANK6   BANK7   BANK8   BANK9  BANK10  BANK11  BANK12  BANK13  BANK14  BANK15
      Params:         0       0       0       0       0       0       0       0       0       0       0       0       0       0       0       0       0
      Locals:         0       0       0       0       0       0       0       0       0       0       0       0       0       0       0       0       0
      Temps:          0       0       0       0       0       0       0       0       0       0       0       0       0       0       0       0       0
      Totals:         0       0       0       0       0       0       0       0       0       0       0       0       0       0       0       0       0
Total ram usage:        0 bytes
 Hardware stack levels used:    1
 Hardware stack levels required when called:    6
 This function calls:
		_ADCC_Initialize
		_EXT_INT_Initialize
		_INTERRUPT_Initialize
		_OSCILLATOR_Initialize
		_PIN_MANAGER_Initialize
		_PMD_Initialize
 This function is called by:
		_main
 This function uses a non-reentrant model


 *************** function _PMD_Initialize *****************
 Defined at:
		line 74 in file "mcc_generated_files/mcc.c"
 Parameters:    Size  Location     Type
		None
 Auto vars:     Size  Location     Type
		None
 Return value:  Size  Location     Type
                  1    wreg      void 
 Registers used:
		wreg, status,2
 Tracked objects:
		On entry : 
		On exit  : 
		Unchanged: 
 Data sizes:     COMRAM   BANK0   BANK1   BANK2   BANK3   BANK4   BANK5   BANK6   BANK7   BANK8   BANK9  BANK10  BANK11  BANK12  BANK13  BANK14  BANK15
      Params:         0       0       0       0       0       0       0       0       0       0       0       0       0       0       0       0       0
      Locals:         0       0       0       0       0       0       0       0       0       0       0       0       0       0       0       0       0
      Temps:          0       0       0       0       0       0       0       0       0       0       0       0       0       0       0       0       0
      Totals:         0       0       0       0       0       0       0       0       0       0       0       0       0       0       0       0       0
Total ram usage:        0 bytes
 Hardware stack levels used:    1
 Hardware stack levels required when called:    4
 This function calls:
		Nothing
 This function is called by:
		_SYSTEM_Initialize
 This function uses a non-reentrant model


 *************** function _PIN_MANAGER_Initialize *****************
 Defined at:
		line 55 in file "mcc_generated_files/pin_manager.c"
 Parameters:    Size  Location     Type
		None
 Auto vars:     Size  Location     Type
		None
 Return value:  Size  Location     Type
                  1    wreg      void 
 Registers used:
		wreg, status,2
 Tracked objects:
		On entry : 
		On exit  : 
		Unchanged: 
 Data sizes:     COMRAM   BANK0   BANK1   BANK2   BANK3   BANK4   BANK5   BANK6   BANK7   BANK8   BANK9  BANK10  BANK11  BANK12  BANK13  BANK14  BANK15
      Params:         0       0       0       0       0       0       0       0       0       0       0       0       0       0       0       0       0
      Locals:         0       0       0       0       0       0       0       0       0       0       0       0       0       0       0       0       0
      Temps:          0       0       0       0       0       0       0       0       0       0       0       0       0       0       0       0       0
      Totals:         0       0       0       0       0       0       0       0       0       0       0       0       0       0       0       0       0
Total ram usage:        0 bytes
 Hardware stack levels used:    1
 Hardware stack levels required when called:    4
 This function calls:
		Nothing
 This function is called by:
		_SYSTEM_Initialize
 This function uses a non-reentrant model


 *************** function _OSCILLATOR_Initialize *****************
 Defined at:
		line 60 in file "mcc_generated_files/mcc.c"
 Parameters:    Size  Location     Type
		None
 Auto vars:     Size  Location     Type
		None
 Return value:  Size  Location     Type
                  1    wreg      void 
 Registers used:
		wreg, status,2
 Tracked objects:
		On entry : 
		On exit  : 
		Unchanged: 
 Data sizes:     COMRAM   BANK0   BANK1   BANK2   BANK3   BANK4   BANK5   BANK6   BANK7   BANK8   BANK9  BANK10  BANK11  BANK12  BANK13  BANK14  BANK15
      Params:         0       0       0       0       0       0       0       0       0       0       0       0       0       0       0       0       0
      Locals:         0       0       0       0       0       0       0       0       0       0       0       0       0       0       0       0       0
      Temps:          0       0       0       0       0       0       0       0       0       0       0       0       0       0       0       0       0
      Totals:         0       0       0       0       0       0       0       0       0       0       0       0       0       0       0       0       0
Total ram usage:        0 bytes
 Hardware stack levels used:    1
 Hardware stack levels required when called:    4
 This function calls:
		Nothing
 This function is called by:
		_SYSTEM_Initialize
 This function uses a non-reentrant model


 *************** function _INTERRUPT_Initialize *****************
 Defined at:
		line 52 in file "mcc_generated_files/interrupt_manager.c"
 Parameters:    Size  Location     Type
		None
 Auto vars:     Size  Location     Type
		None
 Return value:  Size  Location     Type
                  1    wreg      void 
 Registers used:
		None
 Tracked objects:
		On entry : 
		On exit  : 
		Unchanged: 
 Data sizes:     COMRAM   BANK0   BANK1   BANK2   BANK3   BANK4   BANK5   BANK6   BANK7   BANK8   BANK9  BANK10  BANK11  BANK12  BANK13  BANK14  BANK15
      Params:         0       0       0       0       0       0       0       0       0       0       0       0       0       0       0       0       0
      Locals:         0       0       0       0       0       0       0       0       0       0       0       0       0       0       0       0       0
      Temps:          0       0       0       0       0       0       0       0       0       0       0       0       0       0       0       0       0
      Totals:         0       0       0       0       0       0       0       0       0       0       0       0       0       0       0       0       0
Total ram usage:        0 bytes
 Hardware stack levels used:    1
 Hardware stack levels required when called:    4
 This function calls:
		Nothing
 This function is called by:
		_SYSTEM_Initialize
 This function uses a non-reentrant model


 *************** function _EXT_INT_Initialize *****************
 Defined at:
		line 113 in file "mcc_generated_files/ext_int.c"
 Parameters:    Size  Location     Type
		None
 Auto vars:     Size  Location     Type
		None
 Return value:  Size  Location     Type
                  1    wreg      void 
 Registers used:
		wreg, status,2, status,0, cstack
 Tracked objects:
		On entry : 
		On exit  : 
		Unchanged: 
 Data sizes:     COMRAM   BANK0   BANK1   BANK2   BANK3   BANK4   BANK5   BANK6   BANK7   BANK8   BANK9  BANK10  BANK11  BANK12  BANK13  BANK14  BANK15
      Params:         0       0       0       0       0       0       0       0       0       0       0       0       0       0       0       0       0
      Locals:         0       0       0       0       0       0       0       0       0       0       0       0       0       0       0       0       0
      Temps:          0       0       0       0       0       0       0       0       0       0       0       0       0       0       0       0       0
      Totals:         0       0       0       0       0       0       0       0       0       0       0       0       0       0       0       0       0
Total ram usage:        0 bytes
 Hardware stack levels used:    1
 Hardware stack levels required when called:    5
 This function calls:
		_INT0_SetInterruptHandler
		_INT1_SetInterruptHandler
		_INT2_SetInterruptHandler
 This function is called by:
		_SYSTEM_Initialize
 This function uses a non-reentrant model


 *************** function _INT2_SetInterruptHandler *****************
 Defined at:
		line 104 in file "mcc_generated_files/ext_int.c"
 Parameters:    Size  Location     Type
  InterruptHan    2    0[COMRAM] PTR FTN()void 
		 -> INT2_DefaultInterruptHandler(1), 
 Auto vars:     Size  Location     Type
		None
 Return value:  Size  Location     Type
                  1    wreg      void 
 Registers used:
		wreg, status,2, status,0
 Tracked objects:
		On entry : 
		On exit  : 
		Unchanged: 
 Data sizes:     COMRAM   BANK0   BANK1   BANK2   BANK3   BANK4   BANK5   BANK6   BANK7   BANK8   BANK9  BANK10  BANK11  BANK12  BANK13  BANK14  BANK15
      Params:         2       0       0       0       0       0       0       0       0       0       0       0       0       0       0       0       0
      Locals:         0       0       0       0       0       0       0       0       0       0       0       0       0       0       0       0       0
      Temps:          0       0       0       0       0       0       0       0       0       0       0       0       0       0       0       0       0
      Totals:         2       0       0       0       0       0       0       0       0       0       0       0       0       0       0       0       0
Total ram usage:        2 bytes
 Hardware stack levels used:    1
 Hardware stack levels required when called:    4
 This function calls:
		Nothing
 This function is called by:
		_EXT_INT_Initialize
 This function uses a non-reentrant model


 *************** function _INT1_SetInterruptHandler *****************
 Defined at:
		line 78 in file "mcc_generated_files/ext_int.c"
 Parameters:    Size  Location     Type
  InterruptHan    2    0[COMRAM] PTR FTN()void 
		 -> INT1_DefaultInterruptHandler(1), 
 Auto vars:     Size  Location     Type
		None
 Return value:  Size  Location     Type
                  1    wreg      void 
 Registers used:
		wreg, status,2, status,0
 Tracked objects:
		On entry : 
		On exit  : 
		Unchanged: 
 Data sizes:     COMRAM   BANK0   BANK1   BANK2   BANK3   BANK4   BANK5   BANK6   BANK7   BANK8   BANK9  BANK10  BANK11  BANK12  BANK13  BANK14  BANK15
      Params:         2       0       0       0       0       0       0       0       0       0       0       0       0       0       0       0       0
      Locals:         0       0       0       0       0       0       0       0       0       0       0       0       0       0       0       0       0
      Temps:          0       0       0       0       0       0       0       0       0       0       0       0       0       0       0       0       0
      Totals:         2       0       0       0       0       0       0       0       0       0       0       0       0       0       0       0       0
Total ram usage:        2 bytes
 Hardware stack levels used:    1
 Hardware stack levels required when called:    4
 This function calls:
		Nothing
 This function is called by:
		_EXT_INT_Initialize
 This function uses a non-reentrant model


 *************** function _INT0_SetInterruptHandler *****************
 Defined at:
		line 52 in file "mcc_generated_files/ext_int.c"
 Parameters:    Size  Location     Type
  InterruptHan    2    0[COMRAM] PTR FTN()void 
		 -> INT0_DefaultInterruptHandler(1), 
 Auto vars:     Size  Location     Type
		None
 Return value:  Size  Location     Type
                  1    wreg      void 
 Registers used:
		wreg, status,2, status,0
 Tracked objects:
		On entry : 
		On exit  : 
		Unchanged: 
 Data sizes:     COMRAM   BANK0   BANK1   BANK2   BANK3   BANK4   BANK5   BANK6   BANK7   BANK8   BANK9  BANK10  BANK11  BANK12  BANK13  BANK14  BANK15
      Params:         2       0       0       0       0       0       0       0       0       0       0       0       0       0       0       0       0
      Locals:         0       0       0       0       0       0       0       0       0       0       0       0       0       0       0       0       0
      Temps:          0       0       0       0       0       0       0       0       0       0       0       0       0       0       0       0       0
      Totals:         2       0       0       0       0       0       0       0       0       0       0       0       0       0       0       0       0
Total ram usage:        2 bytes
 Hardware stack levels used:    1
 Hardware stack levels required when called:    4
 This function calls:
		Nothing
 This function is called by:
		_EXT_INT_Initialize
 This function uses a non-reentrant model


 *************** function _ADCC_Initialize *****************
 Defined at:
		line 62 in file "mcc_generated_files/adcc.c"
 Parameters:    Size  Location     Type
		None
 Auto vars:     Size  Location     Type
		None
 Return value:  Size  Location     Type
                  1    wreg      void 
 Registers used:
		wreg, status,2
 Tracked objects:
		On entry : 
		On exit  : 
		Unchanged: 
 Data sizes:     COMRAM   BANK0   BANK1   BANK2   BANK3   BANK4   BANK5   BANK6   BANK7   BANK8   BANK9  BANK10  BANK11  BANK12  BANK13  BANK14  BANK15
      Params:         0       0       0       0       0       0       0       0       0       0       0       0       0       0       0       0       0
      Locals:         0       0       0       0       0       0       0       0       0       0       0       0       0       0       0       0       0
      Temps:          0       0       0       0       0       0       0       0       0       0       0       0       0       0       0       0       0
      Totals:         0       0       0       0       0       0       0       0       0       0       0       0       0       0       0       0       0
Total ram usage:        0 bytes
 Hardware stack levels used:    1
 Hardware stack levels required when called:    4
 This function calls:
		Nothing
 This function is called by:
		_SYSTEM_Initialize
 This function uses a non-reentrant model


 *************** function _INTERRUPT_InterruptManager *****************
 Defined at:
		line 58 in file "mcc_generated_files/interrupt_manager.c"
 Parameters:    Size  Location     Type
		None
 Auto vars:     Size  Location     Type
		None
 Return value:  Size  Location     Type
                  1    wreg      void 
 Registers used:
		wreg, status,2, status,0, pclath, tosl, cstack
 Tracked objects:
		On entry : 
		On exit  : 
		Unchanged: 
 Data sizes:     COMRAM   BANK0   BANK1   BANK2   BANK3   BANK4   BANK5   BANK6   BANK7   BANK8   BANK9  BANK10  BANK11  BANK12  BANK13  BANK14  BANK15
      Params:         0       0       0       0       0       0       0       0       0       0       0       0       0       0       0       0       0
      Locals:         0       0       0       0       0       0       0       0       0       0       0       0       0       0       0       0       0
      Temps:          0       0       0       0       0       0       0       0       0       0       0       0       0       0       0       0       0
      Totals:         0       0       0       0       0       0       0       0       0       0       0       0       0       0       0       0       0
Total ram usage:        0 bytes
 Hardware stack levels used:    1
 Hardware stack levels required when called:    3
 This function calls:
		_INT0_ISR
		_INT1_ISR
		_INT2_ISR
 This function is called by:
		Interrupt level 2
 This function uses a non-reentrant model


 *************** function _INT2_ISR *****************
 Defined at:
		line 86 in file "mcc_generated_files/ext_int.c"
 Parameters:    Size  Location     Type
		None
 Auto vars:     Size  Location     Type
		None
 Return value:  Size  Location     Type
                  1    wreg      void 
 Registers used:
		wreg, status,2, status,0, pclath, tosl, cstack
 Tracked objects:
		On entry : 
		On exit  : 
		Unchanged: 
 Data sizes:     COMRAM   BANK0   BANK1   BANK2   BANK3   BANK4   BANK5   BANK6   BANK7   BANK8   BANK9  BANK10  BANK11  BANK12  BANK13  BANK14  BANK15
      Params:         0       0       0       0       0       0       0       0       0       0       0       0       0       0       0       0       0
      Locals:         0       0       0       0       0       0       0       0       0       0       0       0       0       0       0       0       0
      Temps:          0       0       0       0       0       0       0       0       0       0       0       0       0       0       0       0       0
      Totals:         0       0       0       0       0       0       0       0       0       0       0       0       0       0       0       0       0
Total ram usage:        0 bytes
 Hardware stack levels used:    1
 Hardware stack levels required when called:    2
 This function calls:
		_INT2_CallBack
 This function is called by:
		_INTERRUPT_InterruptManager
 This function uses a non-reentrant model


 *************** function _INT2_CallBack *****************
 Defined at:
		line 95 in file "mcc_generated_files/ext_int.c"
 Parameters:    Size  Location     Type
		None
 Auto vars:     Size  Location     Type
		None
 Return value:  Size  Location     Type
                  1    wreg      void 
 Registers used:
		wreg, status,2, status,0, pclath, tosl, cstack
 Tracked objects:
		On entry : 
		On exit  : 
		Unchanged: 
 Data sizes:     COMRAM   BANK0   BANK1   BANK2   BANK3   BANK4   BANK5   BANK6   BANK7   BANK8   BANK9  BANK10  BANK11  BANK12  BANK13  BANK14  BANK15
      Params:         0       0       0       0       0       0       0       0       0       0       0       0       0       0       0       0       0
      Locals:         0       0       0       0       0       0       0       0       0       0       0       0       0       0       0       0       0
      Temps:          0       0       0       0       0       0       0       0       0       0       0       0       0       0       0       0       0
      Totals:         0       0       0       0       0       0       0       0       0       0       0       0       0       0       0       0       0
Total ram usage:        0 bytes
 Hardware stack levels used:    1
 Hardware stack levels required when called:    1
 This function calls:
		Absolute function
		_INT2_DefaultInterruptHandler
 This function is called by:
		_INT2_ISR
 This function uses a non-reentrant model


 *************** function _INT2_DefaultInterruptHandler *****************
 Defined at:
		line 108 in file "mcc_generated_files/ext_int.c"
 Parameters:    Size  Location     Type
		None
 Auto vars:     Size  Location     Type
		None
 Return value:  Size  Location     Type
                  1    wreg      void 
 Registers used:
		None
 Tracked objects:
		On entry : 
		On exit  : 
		Unchanged: 
 Data sizes:     COMRAM   BANK0   BANK1   BANK2   BANK3   BANK4   BANK5   BANK6   BANK7   BANK8   BANK9  BANK10  BANK11  BANK12  BANK13  BANK14  BANK15
      Params:         0       0       0       0       0       0       0       0       0       0       0       0       0       0       0       0       0
      Locals:         0       0       0       0       0       0       0       0       0       0       0       0       0       0       0       0       0
      Temps:          0       0       0       0       0       0       0       0       0       0       0       0       0       0       0       0       0
      Totals:         0       0       0       0       0       0       0       0       0       0       0       0       0       0       0       0       0
Total ram usage:        0 bytes
 Hardware stack levels used:    1
 This function calls:
		Nothing
 This function is called by:
		_EXT_INT_Initialize
		_INT2_CallBack
 This function uses a non-reentrant model


 *************** function _INT1_ISR *****************
 Defined at:
		line 60 in file "mcc_generated_files/ext_int.c"
 Parameters:    Size  Location     Type
		None
 Auto vars:     Size  Location     Type
		None
 Return value:  Size  Location     Type
                  1    wreg      void 
 Registers used:
		wreg, status,2, status,0, pclath, tosl, cstack
 Tracked objects:
		On entry : 
		On exit  : 
		Unchanged: 
 Data sizes:     COMRAM   BANK0   BANK1   BANK2   BANK3   BANK4   BANK5   BANK6   BANK7   BANK8   BANK9  BANK10  BANK11  BANK12  BANK13  BANK14  BANK15
      Params:         0       0       0       0       0       0       0       0       0       0       0       0       0       0       0       0       0
      Locals:         0       0       0       0       0       0       0       0       0       0       0       0       0       0       0       0       0
      Temps:          0       0       0       0       0       0       0       0       0       0       0       0       0       0       0       0       0
      Totals:         0       0       0       0       0       0       0       0       0       0       0       0       0       0       0       0       0
Total ram usage:        0 bytes
 Hardware stack levels used:    1
 Hardware stack levels required when called:    2
 This function calls:
		_INT1_CallBack
 This function is called by:
		_INTERRUPT_InterruptManager
 This function uses a non-reentrant model


 *************** function _INT1_CallBack *****************
 Defined at:
		line 69 in file "mcc_generated_files/ext_int.c"
 Parameters:    Size  Location     Type
		None
 Auto vars:     Size  Location     Type
		None
 Return value:  Size  Location     Type
                  1    wreg      void 
 Registers used:
		wreg, status,2, status,0, pclath, tosl, cstack
 Tracked objects:
		On entry : 
		On exit  : 
		Unchanged: 
 Data sizes:     COMRAM   BANK0   BANK1   BANK2   BANK3   BANK4   BANK5   BANK6   BANK7   BANK8   BANK9  BANK10  BANK11  BANK12  BANK13  BANK14  BANK15
      Params:         0       0       0       0       0       0       0       0       0       0       0       0       0       0       0       0       0
      Locals:         0       0       0       0       0       0       0       0       0       0       0       0       0       0       0       0       0
      Temps:          0       0       0       0       0       0       0       0       0       0       0       0       0       0       0       0       0
      Totals:         0       0       0       0       0       0       0       0       0       0       0       0       0       0       0       0       0
Total ram usage:        0 bytes
 Hardware stack levels used:    1
 Hardware stack levels required when called:    1
 This function calls:
		Absolute function
		_INT1_DefaultInterruptHandler
 This function is called by:
		_INT1_ISR
 This function uses a non-reentrant model


 *************** function _INT1_DefaultInterruptHandler *****************
 Defined at:
		line 82 in file "mcc_generated_files/ext_int.c"
 Parameters:    Size  Location     Type
		None
 Auto vars:     Size  Location     Type
		None
 Return value:  Size  Location     Type
                  1    wreg      void 
 Registers used:
		None
 Tracked objects:
		On entry : 
		On exit  : 
		Unchanged: 
 Data sizes:     COMRAM   BANK0   BANK1   BANK2   BANK3   BANK4   BANK5   BANK6   BANK7   BANK8   BANK9  BANK10  BANK11  BANK12  BANK13  BANK14  BANK15
      Params:         0       0       0       0       0       0       0       0       0       0       0       0       0       0       0       0       0
      Locals:         0       0       0       0       0       0       0       0       0       0       0       0       0       0       0       0       0
      Temps:          0       0       0       0       0       0       0       0       0       0       0       0       0       0       0       0       0
      Totals:         0       0       0       0       0       0       0       0       0       0       0       0       0       0       0       0       0
Total ram usage:        0 bytes
 Hardware stack levels used:    1
 This function calls:
		Nothing
 This function is called by:
		_EXT_INT_Initialize
		_INT1_CallBack
 This function uses a non-reentrant model


 *************** function _INT0_ISR *****************
 Defined at:
		line 34 in file "mcc_generated_files/ext_int.c"
 Parameters:    Size  Location     Type
		None
 Auto vars:     Size  Location     Type
		None
 Return value:  Size  Location     Type
                  1    wreg      void 
 Registers used:
		wreg, status,2, status,0, pclath, tosl, cstack
 Tracked objects:
		On entry : 
		On exit  : 
		Unchanged: 
 Data sizes:     COMRAM   BANK0   BANK1   BANK2   BANK3   BANK4   BANK5   BANK6   BANK7   BANK8   BANK9  BANK10  BANK11  BANK12  BANK13  BANK14  BANK15
      Params:         0       0       0       0       0       0       0       0       0       0       0       0       0       0       0       0       0
      Locals:         0       0       0       0       0       0       0       0       0       0       0       0       0       0       0       0       0
      Temps:          0       0       0       0       0       0       0       0       0       0       0       0       0       0       0       0       0
      Totals:         0       0       0       0       0       0       0       0       0       0       0       0       0       0       0       0       0
Total ram usage:        0 bytes
 Hardware stack levels used:    1
 Hardware stack levels required when called:    2
 This function calls:
		_INT0_CallBack
 This function is called by:
		_INTERRUPT_InterruptManager
 This function uses a non-reentrant model


 *************** function _INT0_CallBack *****************
 Defined at:
		line 43 in file "mcc_generated_files/ext_int.c"
 Parameters:    Size  Location     Type
		None
 Auto vars:     Size  Location     Type
		None
 Return value:  Size  Location     Type
                  1    wreg      void 
 Registers used:
		wreg, status,2, status,0, pclath, tosl, cstack
 Tracked objects:
		On entry : 
		On exit  : 
		Unchanged: 
 Data sizes:     COMRAM   BANK0   BANK1   BANK2   BANK3   BANK4   BANK5   BANK6   BANK7   BANK8   BANK9  BANK10  BANK11  BANK12  BANK13  BANK14  BANK15
      Params:         0       0       0       0       0       0       0       0       0       0       0       0       0       0       0       0       0
      Locals:         0       0       0       0       0       0       0       0       0       0       0       0       0       0       0       0       0
      Temps:          0       0       0       0       0       0       0       0       0       0       0       0       0       0       0       0       0
      Totals:         0       0       0       0       0       0       0       0       0       0       0       0       0       0       0       0       0
Total ram usage:        0 bytes
 Hardware stack levels used:    1
 Hardware stack levels required when called:    1
 This function calls:
		Absolute function
		_INT0_DefaultInterruptHandler
 This function is called by:
		_INT0_ISR
 This function uses a non-reentrant model


 *************** function _INT0_DefaultInterruptHandler *****************
 Defined at:
		line 56 in file "mcc_generated_files/ext_int.c"
 Parameters:    Size  Location     Type
		None
 Auto vars:     Size  Location     Type
		None
 Return value:  Size  Location     Type
                  1    wreg      void 
 Registers used:
		None
 Tracked objects:
		On entry : 
		On exit  : 
		Unchanged: 
 Data sizes:     COMRAM   BANK0   BANK1   BANK2   BANK3   BANK4   BANK5   BANK6   BANK7   BANK8   BANK9  BANK10  BANK11  BANK12  BANK13  BANK14  BANK15
      Params:         0       0       0       0       0       0       0       0       0       0       0       0       0       0       0       0       0
      Locals:         0       0       0       0       0       0       0       0       0       0       0       0       0       0       0       0       0
      Temps:          0       0       0       0       0       0       0       0       0       0       0       0       0       0       0       0       0
      Totals:         0       0       0       0       0       0       0       0       0       0       0       0       0       0       0       0       0
Total ram usage:        0 bytes
 Hardware stack levels used:    1
 This function calls:
		Nothing
 This function is called by:
		_EXT_INT_Initialize
		_INT0_CallBack
 This function uses a non-reentrant model



MODULE INFORMATION

Module		Function		Class		Link	Load	Size
mcc_generated_files/interrupt_manager.c
		_INTERRUPT_Initialize		CODE           	02F8	0000	4
		_INTERRUPT_InterruptManager		CODE           	001E	0000	112

mcc_generated_files/interrupt_manager.c estimated size: 116

mcc_generated_files/pin_manager.c
		_PIN_MANAGER_Initialize		CODE           	00EA	0000	86

mcc_generated_files/pin_manager.c estimated size: 86

mcc_generated_files/ext_int.c
		_INT0_SetInterruptHandler		CODE           	02D0	0000	10
		_INT1_SetInterruptHandler		CODE           	02C6	0000	10
		_EXT_INT_Initialize		CODE           	0140	0000	64
		_INT2_SetInterruptHandler		CODE           	02BC	0000	10
		_INT0_DefaultInterruptHandler		CODE           	0300	0000	2
		_INT0_CallBack 		CODE           	0216	0000	46
		_INT1_DefaultInterruptHandler		CODE           	02FE	0000	2
		_INT1_CallBack 		CODE           	01E8	0000	46
		_INT2_DefaultInterruptHandler		CODE           	02FC	0000	2
		_INT2_CallBack 		CODE           	01BA	0000	46
		_INT0_ISR      		CODE           	02EE	0000	10
		_INT1_ISR      		CODE           	02E4	0000	10
		_INT2_ISR      		CODE           	02DA	0000	10

mcc_generated_files/ext_int.c estimated size: 268

shared
		__initialization		CODE           	0268	0000	24

shared estimated size: 24

mcc_generated_files/mcc.c
		_PMD_Initialize		CODE           	0244	0000	36
		_OSCILLATOR_Initialize		CODE           	02A4	0000	24
		_SYSTEM_Initialize		CODE           	028A	0000	26

mcc_generated_files/mcc.c estimated size: 86

mcc_generated_files/adcc.c
		_ADCC_Initialize		CODE           	008E	0000	92

mcc_generated_files/adcc.c estimated size: 92

main.c
		_main          		CODE           	0180	0000	58

main.c estimated size: 58

